2026-09-21 02:20:22,856 INFO o.a.j.u.JMeterUtils: Setting Locale to en_EN
2026-09-21 02:20:22,880 INFO o.a.j.JMeter: Loading user properties from: C:\Users\sanjay.kumar\LocalBin_sanjay.kumar\Playwright\playwright-tdd-framework\tests\load\jmeter\bin\user.properties
2026-09-21 02:20:22,880 INFO o.a.j.JMeter: Loading system properties from: C:\Users\sanjay.kumar\LocalBin_sanjay.kumar\Playwright\playwright-tdd-framework\tests\load\jmeter\bin\system.properties
2026-09-21 02:20:22,880 INFO o.a.j.JMeter: Copyright (c) 1998-2024 The Apache Software Foundation
2026-09-21 02:20:22,880 INFO o.a.j.JMeter: Version 5.6.3
2026-09-21 02:20:22,880 INFO o.a.j.JMeter: java.version=21.0.7
2026-09-21 02:20:22,880 INFO o.a.j.JMeter: java.vm.name=OpenJDK 64-Bit Server VM
2026-09-21 02:20:22,880 INFO o.a.j.JMeter: os.name=Windows 11
2026-09-21 02:20:22,880 INFO o.a.j.JMeter: os.arch=amd64
2026-09-21 02:20:22,880 INFO o.a.j.JMeter: os.version=10.0
2026-09-21 02:20:22,880 INFO o.a.j.JMeter: file.encoding=UTF-8
2026-09-21 02:20:22,880 INFO o.a.j.JMeter: java.awt.headless=true
2026-09-21 02:20:22,880 INFO o.a.j.JMeter: Max memory     =1073741824
2026-09-21 02:20:22,880 INFO o.a.j.JMeter: Available Processors =8
2026-09-21 02:20:22,897 INFO o.a.j.JMeter: Default Locale=English (EN)
2026-09-21 02:20:22,897 INFO o.a.j.JMeter: JMeter  Locale=English (EN)
2026-09-21 02:20:22,897 INFO o.a.j.JMeter: JMeterHome=C:\Users\sanjay.kumar\LocalBin_sanjay.kumar\Playwright\playwright-tdd-framework\tests\load\jmeter
2026-09-21 02:20:22,897 INFO o.a.j.JMeter: user.dir  =C:\Users\sanjay.kumar\LocalBin_sanjay.kumar\Playwright\playwright-tdd-framework
2026-09-21 02:20:22,897 INFO o.a.j.JMeter: PWD       =C:\Users\sanjay.kumar\LocalBin_sanjay.kumar\Playwright\playwright-tdd-framework
2026-09-21 02:20:22,897 INFO o.a.j.JMeter: IP: 192.168.1.15 Name: 14250-TN81852 FullName: 14250-TN81852
2026-09-21 02:20:22,914 ERROR o.a.j.JMeter: An error occurred: 
org.apache.jmeter.report.config.ConfigurationException: The file C:\Users\sanjay.kumar\LocalBin_sanjay.kumar\Playwright\playwright-tdd-framework\tests\load\jmeter\testplans\LoadTest01.jmx doesn't exist or can't be opened
	at org.apache.jmeter.JMeter.runNonGui(JMeter.java:950) ~[ApacheJMeter_core.jar:5.6.3]
	at org.apache.jmeter.JMeter.startNonGui(JMeter.java:940) ~[ApacheJMeter_core.jar:5.6.3]
	at org.apache.jmeter.JMeter.start(JMeter.java:508) [ApacheJMeter_core.jar:5.6.3]
	at java.base/jdk.internal.reflect.DirectMethodHandleAccessor.invoke(DirectMethodHandleAccessor.java:103) ~[?:?]
	at java.base/java.lang.reflect.Method.invoke(Method.java:580) ~[?:?]
	at org.apache.jmeter.NewDriver.main(NewDriver.java:259) [ApacheJMeter.jar:5.6.3]
